2026-01-22 11:51:20.123978: I tensorflow/core/util/port.cc:153] oneDNN custom operations are on. You may see slightly different numerical results due to floating-point round-off errors from different computation orders. To turn them off, set the environment variable `TF_ENABLE_ONEDNN_OPTS=0`.
2026-01-22 11:51:20.132099: E external/local_xla/xla/stream_executor/cuda/cuda_fft.cc:467] Unable to register cuFFT factory: Attempting to register factory for plugin cuFFT when one has already been registered
WARNING: All log messages before absl::InitializeLog() is called are written to STDERR
E0000 00:00:1769043080.142092   39775 cuda_dnn.cc:8579] Unable to register cuDNN factory: Attempting to register factory for plugin cuDNN when one has already been registered
E0000 00:00:1769043080.145328   39775 cuda_blas.cc:1407] Unable to register cuBLAS factory: Attempting to register factory for plugin cuBLAS when one has already been registered
W0000 00:00:1769043080.152871   39775 computation_placer.cc:177] computation placer already registered. Please check linkage and avoid linking the same target more than once.
W0000 00:00:1769043080.152884   39775 computation_placer.cc:177] computation placer already registered. Please check linkage and avoid linking the same target more than once.
W0000 00:00:1769043080.152886   39775 computation_placer.cc:177] computation placer already registered. Please check linkage and avoid linking the same target more than once.
W0000 00:00:1769043080.152887   39775 computation_placer.cc:177] computation placer already registered. Please check linkage and avoid linking the same target more than once.
2026-01-22 11:51:20.155087: I tensorflow/core/platform/cpu_feature_guard.cc:210] This TensorFlow binary is optimized to use available CPU instructions in performance-critical operations.
To enable the following instructions: AVX2 AVX_VNNI FMA, in other operations, rebuild TensorFlow with the appropriate compiler flags.

                           ⚙️  Training Configuration                            
╭──────────────────────┬───────────────────────────────────────────────────────╮
│ 🎬 Model             │                                                       │
│   Base               │ /media/2TB/ltx-models/ltx2/ltx-2-19b-dev.safetensors  │
│   Text Encoder       │ /media/2TB/ltx-models/gemma                           │
│   Training Mode      │ LORA                                                  │
│   Load Checkpoint    │ —                                                     │
│                      │                                                       │
│ 🔗 LoRA              │                                                       │
│   Rank / Alpha       │ 32 / 32                                               │
│   Dropout            │ 0.0                                                   │
│   Target Modules     │ to_k, to_q, to_v, to_out.0                            │
│                      │                                                       │
│ 🎯 Strategy          │                                                       │
│   Name               │ omnitransfer                                          │
│   First Frame Cond P │ 0.1                                                   │
│                      │                                                       │
│ ⚡ Optimization      │                                                       │
│   Steps              │ 10,000                                                │
│   Learning Rate      │ 1.00e-05                                              │
│   Batch Size         │ 1                                                     │
│   Grad Accumulation  │ 16                                                    │
│   Optimizer          │ adamw                                                 │
│   Scheduler          │ cosine                                                │
│   Max Grad Norm      │ 1.0                                                   │
│   Grad Checkpointing │ ✓                                                     │
│                      │                                                       │
│ 🚀 Acceleration      │                                                       │
│   Mixed Precision    │ bf16                                                  │
│   Quantization       │ int8-quanto                                           │
│   Text Encoder 8bit  │ ✗                                                     │
│                      │                                                       │
│ 🎥 Validation        │                                                       │
│   Prompts            │ —                                                     │
│   Interval           │ Disabled                                              │
│   Video Dims         │ 832x448, 65 frames                                    │
│   Frame Rate         │ 25.0 fps                                              │
│   Inference Steps    │ 30                                                    │
│   CFG Scale          │ 4.0                                                   │
│   STG                │ scale=1.0; blocks=29; mode=stg_v                      │
│   Seed               │ 42                                                    │
│                      │                                                       │
│ 📂 Data & Output     │                                                       │
│   Dataset            │ /media/2TB/omnitransfer_processed                     │
│   Dataloader Workers │ 2                                                     │
│   Output Dir         │ /home/johndpope/Documents/GitHub/ltx2-omnitransfer/p… │
│   Seed               │ 42                                                    │
│                      │                                                       │
│ 🔌 Integrations      │                                                       │
│   Checkpoints        │ Every 1000 steps (keep -1)                            │
│   W&B                │ omnitransfer-ltx2                                     │
│   HF Hub             │ Disabled                                              │
╰──────────────────────┴───────────────────────────────────────────────────────╯

INFO     Initialized OmniTransfer strategy:                      strategy.py:341
         task=identity_preservation, TPB=True, RCL=True,                        
         TMA=True                                                               
DEBUG    🎯 Using OmniTransferStrategy training strategy (audio   __init__.py:63
         disabled 🔇)                                                           
DEBUG    Loading text encoder...                                  trainer.py:398
`torch_dtype` is deprecated! Use `dtype` instead!
Loading checkpoint shards:   0%|          | 0/5 [00:00<?, ?it/s]Loading checkpoint shards:  80%|████████  | 4/5 [00:00<00:00, 35.10it/s]Loading checkpoint shards: 100%|██████████| 5/5 [00:00<00:00, 37.71it/s]
DEBUG    Validation prompt embeddings cached. Gemma model         trainer.py:432
         unloaded                                                               
INFO     Loading LTX-2 model from                            model_loader.py:296
         /media/2TB/ltx-models/ltx2/ltx-2-19b-dev.safetensor                    
         s                                                                      
DEBUG    Loading transformer...                              model_loader.py:301
DEBUG    Loading video VAE decoder...                        model_loader.py:313
INFO     Quantizing model with "int8-quanto". This may take a     trainer.py:480
         while...                                                               
WARNING  Could not find the bitsandbytes CUDA binary at         cextension.py:70
         PosixPath('/home/johndpope/miniconda3/envs/actalker/li                 
         b/python3.12/site-packages/bitsandbytes/libbitsandbyte                 
         s_cuda130.so')                                                         
WARNING  The installed version of bitsandbytes was compiled     cextension.py:77
         without GPU support. 8-bit optimizers, 8-bit                           
         multiplication, and GPU quantization are unavailable.                  
DEBUG    Quantizing model using block-by-block approach for   quantization.py:91
         memory efficiency                                                      

DEBUG    Quantizing remaining model components               quantization.py:154
DEBUG    Skipping quantization for module: patchify_proj     quantization.py:161
DEBUG    Skipping quantization for module: proj_out          quantization.py:161
DEBUG    Skipping quantization for module:                   quantization.py:161
         audio_patchify_proj                                                    
DEBUG    Skipping quantization for module:                   quantization.py:161
         audio_caption_projection                                               
DEBUG    Skipping quantization for module: audio_proj_out    quantization.py:161
DEBUG    Adding LoRA adapter with rank 32                         trainer.py:518
DEBUG    Trainable params count: 213,909,504                      trainer.py:509
DEBUG    GPU memory usage after models preparation: 19.73 GB      trainer.py:599
wandb: Currently logged in as: snoozie to https://api.wandb.ai. Use `wandb login --relogin` to force relogin
wandb: creating run
wandb: Tracking run with wandb version 0.21.0
wandb: Run data is saved locally in /home/johndpope/Documents/GitHub/ltx2-omnitransfer/packages/ltx-trainer/wandb/run-20260122_115202-po5znywq
wandb: Run `wandb offline` to turn off syncing.
wandb: Syncing run ltx2_omnitransfer_stage1
wandb: ⭐️ View project at https://wandb.ai/snoozie/omnitransfer-ltx2
wandb: 🚀 View run at https://wandb.ai/snoozie/omnitransfer-ltx2/runs/po5znywq
DEBUG    Process 0 using seed: 42                                 trainer.py:113
DEBUG    Loaded dataset with 14 samples from sources: ['latents', trainer.py:638
         'conditions', 'reference_latents']                                     
INFO     💾 Training configuration saved to: training_config.yaml trainer.py:978
INFO     🚀 Starting training...                                  trainer.py:128
DEBUG    Debug image save failed: Input type (CUDABFloat16Type)  trainer.py:1086
         and weight type (CPUBFloat16Type) should be the same                   
DEBUG    Debug image save failed: Input type (CUDABFloat16Type)  trainer.py:1086
         and weight type (CPUBFloat16Type) should be the same                   
DEBUG    Debug image save failed: Input type (CUDABFloat16Type)  trainer.py:1086
         and weight type (CPUBFloat16Type) should be the same                   
DEBUG    Debug image save failed: Input type (CUDABFloat16Type)  trainer.py:1086
         and weight type (CPUBFloat16Type) should be the same                   
